start
stdin-close: 2018-06-21T15:07:10.553Z
